Godot Engine v4.7.stable.official.5b4e0cb0f - https://godotengine.org

Equipped: sword
SCRIPT ERROR: Assertion failed: the NPC should spawn near/in front of the house it was born at, got (7313.644, -98.75) vs house at (7300.0, -39.0)
   at: run_tests (res://_test_runner.gd:54)
   GDScript backtrace (most recent call first):
       [0] run_tests (res://_test_runner.gd:54)
WARNING: 2 ObjectDB instances were leaked at exit (run with `--verbose` for details).
   at: cleanup (core/object/object.cpp:2535)
ERROR: 1 resources still in use at exit (run with --verbose for details).
   at: clear (core/io/resource.cpp:822)
